<!DOCTYPE html>
<html lang="en">

<head>
    <meta charset="UTF-8">
    <meta name="viewport" content="width=device-width, initial-scale=1.0">
    <meta http-equiv="X-UA-Compatible" content="ie=edge">
    <link rel="stylesheet" href="https://stackpath.bootstrapcdn.com/bootstrap/4.1.3/css/bootstrap.min.css">
    <link rel="stylesheet" href="css/style.css">
    <link rel="stylesheet" href="fonts/Wisdom Script AJ.otf">
    <link href="https://fonts.googleapis.com/css?family=Allura|Montserrat|Roboto|Roboto+Slab" rel="stylesheet">
    <title>Golden</title>
</head>

<body>
    <header class="">
        <div class="container">
            <div class="row">
                <div class="col-md-12">
                    <div class="logo">
                        <a href="#">Golden</a>
                    </div>
                </div>
                <div class="col">
                    <ul class="nav-panel nav justify-content-end">
                        <li class="nav-item">
                            <a href="#">home</a>
                        </li>
                        <li class="nav-item">
                            <a href="#">services</a>
                        </li>
                        <li class="nav-item">
                            <a href="#">portfolio</a>
                        </li>
                        <li class="nav-item">
                            <a href="#">about</a>
                        </li>
                        <li class="nav-item">
                            <a href="#">contact</a>
                        </li>
                    </ul>
                </div>

            </div>


            <div class="row text-center">
                <div class="col">
                    <h3 class="text-header">Welcome To Our Studio</h3>
                </div>
            </div>

            <div class="row text-center">
                <div class="col">
                    <h1 class="text-header-2">Itâ€™s nice to Meet you</h1>
                </div>

            </div>

            <div class="row">
                <div class="col text-center">
                    <button class="header-btn btn">
                        Tell Me More
                    </button>
                </div>
            </div>
        </div>
    </header>

    <section>
        <div class="container">
            <div class="row">
                <div class="col text-center section-title">

                    <h3>services</h3>
                    <p>
                        Proint iaculis purus consequat sem cure.
                    </p>
                </div>
            </div>
            <div class="row">
                <div class="col text-center section-img">
                    <img class="section-img-icon" src="img/svg/Icon-Basket@1,25x.svg" alt="#" style="width: 40px; height: 40px;">
                    <img class="section-img-circle" src="img/svg/Circle-hover-icon-Basket.svg" alt="#">

                    <h3>E-Commerce</h3>
                    <p>
                        Proint iaculis purus consequat sem cure digni ssim. Donec porttitora entum suscipit aenean rhoncus posuere odio in tincidunt.
                    </p>
                </div>
                <div class="col text-center section-img">
                    <img class="section-img-icon" src="img/svg/Icon-Laptop@1,25x.svg" alt="#" style="width: 40px; height: 40px;">
                    <img class="section-img-circle" src="img/svg/Circle-hover-icon-Basket.svg" alt="#">

                    <h3>Responsive Web</h3>
                    <p>
                        Proint iaculis purus consequat sem cure digni ssim. Donec porttitora entum suscipit aenean rhoncus posuere odio in tincidunt.</p>
                </div>
                <div class="col text-center section-img">
                    <img class="section-img-icon" src="img/svg/Icon-Locked@1,25x.svg" alt="#" style="width: 40px; height: 40px;">
                    <img class="section-img-circle" src="img/svg/Circle-hover-icon-Basket.svg" alt="#">
                    <h3>Web Security</h3>
                    <p>
                        Proint iaculis purus consequat sem cure digni ssim. Donec porttitora entum suscipit aenean rhoncus posuere odio in tincidunt.
                    </p>
                </div>
            </div>
        </div>
    </section>

    <section>
        <div class="container">

            <div class="row">
                <div class="col text-center section-title">
                    <h3>our portfolio</h3>
                    <p>Proint iaculis purus consequat sem cure.</p>
                </div>
            </div>

            <div class="row justify-content-center img-cont">
                <div class="col-lg-4 col-md-6 col-sm-8">
                    <img class="img-thumbnail" src="img/ebony-lvory.jpg" alt="#">
                    <h4 class="text-center img-title">Ebony and Ivory</h4>
                    <p class="text-center img-title-2">Branding</p>
                </div>
                <div class="col-lg-4 col-md-6 col-sm-8">
                    <img class="img-thumbnail" src="img/smart-stationary.jpg" alt="#">
                    <h4 class="text-center img-title">Smart Stationary</h4>
                    <p class="text-center img-title-2">Print Desing</p>
                </div>
                <div class="col-lg-4 col-md-6 col-sm-8">
                    <img class="img-thumbnail" src="img/clever-poster.jpg" alt="#">
                    <h4 class="text-center img-title">Clever Poster</h4>
                    <p class="text-center img-title-2">Print Desing </p>
                </div>
            </div>
            <div class="row justify-content-center img-cont">
                <div class="col-lg-4 col-md-6 col-sm-8">
                    <img class="img-thumbnail" src="img/vinyl-record.jpg" alt="#">
                    <h4 class="text-center img-title">Vinyl Record</h4>
                    <p class="text-center img-title-2">Product Mock-Up</p>
                </div>
                <div class="col-lg-4 col-md-6 col-sm-8">
                    <img class="img-thumbnail" src="img/reehouse-emplate.jpg" alt="#">
                    <h4 class="text-center img-title">Treehouse Template</h4>
                    <p class="text-center img-title-2">Web Desing</p>
                </div>
                <div class="col-lg-4 col-md-6 col-sm-8">
                    <img class="img-thumbnail" src="img/burned-logo.jpg" alt="#">
                    <h4 class="text-center img-title">Burned-Logo</h4>
                    <p class="text-center img-title-2">Branding</p>
                </div>
            </div>
        </div>
    </section>


    <section class="about">
        <div class="container">
            <div class="row">
                <div class="col text-center section-title">
                    <h3>
                        aboot us
                    </h3>
                    <p>
                        Proint iaculis purus consequat sem cure.
                    </p>
                </div>
            </div>
            <div class="row ">

                <div class="col-lg-4 col-md-6 col-sm-8 offset-lg-1">
                    <h4 class="text-right">July 2010</h4>
                    <h4 class="text-right">Our Humble Beginnings</h4>
                    <p class="text-right"> Proin iaculis purus consequat sem cure digni ssim. Donec porttitora entum suscipit aenean rhoncus posuere
                        odio in tincidunt. Proin iaculis purus consequat sem cure digni ssim. Donec porttitora entum suscipit.</p>
                </div>
                <div class="col-4 col-md-6 col-sm-4 block-about">
                    <img src="img/yule-2010.jpg" alt="#">
                </div>

                <div class="col-4 col-sm-5 text-right offset-lg-2 block-about">
                    <img class="img-about" src="img/january-2011.jpg" alt="#">
                </div>
                <div class="col-lg-4 col-md-6 col-sm-7 ">
                    <h4 class="about-text-right">January 2011</h4>
                    <h4 class="about-text-right">Facing Startup Battles</h4>
                    <p class="about-text-right">Proin iaculis purus consequat sem cure digni ssim. Donec porttitora entum suscipit aenean rhoncus posuere
                        odio in tincidunt. Proin iaculis purus consequat sem cure digni ssim. Donec porttitora entum suscipit
                        aenean rhoncus posuere odio in tincidunt.</p>
                </div>

                <div class="col-lg-4 col-md-6 col-sm-8 offset-lg-1">
                    <h4 class="text-right">December 2012</h4>
                    <h4 class="text-right">Enter The Dark Days</h4>
                    <p class="text-right">Proin iaculis purus consequat sem cure digni ssim. Donec porttitora entum suscipit aenean rhoncus posuere
                        odio in tincidunt. Proin iaculis purus consequat sem cure digni.</p>
                </div>
                <div class="col-6 col-sm-4 block-about">
                    <img src="img/december-2012.jpg" alt="#">
                </div>

                <div class="col-5 col-sm-5 text-right offset-lg-2 block-about">
                    <img class="img-about" src="img/februar-2014.jpg" alt="#">
                </div>
                <div class="col-lg-4 col-md-6 col-sm-7">
                    <h4 class="about-text-right">february 2014</h4>
                    <h4 class="about-text-right">Our Triumph</h4>
                    <p class="about-text-right">Proin iaculis purus consequat sem cure digni ssim. Donec porttitora entum suscipit aenean rhoncus posuere
                        odio in tincidunt. Proin iaculis purus consequat sem cure digni ssim. Donec porttitora entum suscipit
                        aenean.
                    </p>
                </div>

                <div class="col-lg-4 col-md-8 col-sm-8 offset-lg-5 offset-md-5 offset-sm-4">
                    <div class="img-last-about">
                        <h4>our
                            <br> story
                            <br> continues
                            <br>...</h4>
                    </div>
                </div>
            </div>
        </div>
    </section>

    <section>
        <div class="container">
            <div class="row">
                <div class="col text-center section-title">
                    <h3>our amazing team</h3>
                    <p>Proin iaculis purus consequat sem cure.</p>
                </div>
            </div>
            <div class="row">
                <div class="col-lg-4 col-md-4 col-sm-4 text-center cirkle-text">
                    <div class="cirkle ">

                    </div>
                    <h4>Kimberly Thompson</h4>
                    <p>Marketer</p>
                    <div class="cirkle-img-svg">
                        <a href="#">
                            <img src="img/svg/social-twitter-circular-button.svg" alt="#">
                        </a>
                        <a href="#">
                            <img src="img/svg/social-facebook-circular-button.svg" alt="#">

                        </a>
                        <a href="#">
                            <img src="img/svg/if_Pinterest_194917.svg" alt="#">
                        </a>
                    </div>
                </div>
                <div class="col-lg-4 col-md-4 col-sm-4 text-center cirkle-text">
                    <div class="cirkle">

                    </div>
                    <h4>Rico Massimo</h4>
                    <p>Coder</p>
                    <div class="cirkle-img-svg">
                        <a href="#">
                            <img src="img/svg/social-twitter-circular-button.svg" alt="#">
                        </a>
                        <a href="#">
                            <img src="img/svg/social-facebook-circular-button.svg" alt="#">

                        </a>
                        <a href="#">
                            <img src="img/svg/if_Google__194926.svg" alt="#">
                        </a>
                    </div>
                </div>
                <div class="col-lg-4 col-md-4 col-sm-4 text-center cirkle-text">
                    <div class="cirkle">

                    </div>
                    <h4>Uku Mason</h4>
                    <p>Graphic Designer</p>
                    <div class="cirkle-img-svg">
                        <a href="#">
                            <img src="img/svg/social-facebook-circular-button.svg" alt="#">

                        </a>
                        <a href="#">
                            <img src="img/svg/if_Pinterest_194917.svg" alt="#">
                        </a>
                    </div>
                </div>
            </div>
            <div class="row">
                <div class="col text-center cirkle-bot-text">
                    <p>
                        Proin iaculis purus consequat sem cure digni ssim donec porttitora entum suscipit
                        <br> aenean rhoncus posuere odio in tincidunt proin iaculis.
                    </p>
                </div>
            </div>
        </div>
    </section>

    <section>
        <div class="container">
            <div class="row mt-2">
                <div class="col-3">
                    <img src="img/Envato.png" alt="#">
                </div>
                <div class="col-3">
                    <img src="img/WordPress.jpg" alt="#">
                </div>
                <div class="col-3">
                    <img src="img/Tuts+.jpg" alt="#">
                </div>
                <div class="col-3">
                    <img src="img/Microlancer copy.jpg" alt="#">
                </div>
            </div>
        </div>
    </section>

    <footer class="footer-bi">
        <div class="container">
            <div class="row">
                <div class="col text-center section-title text-white">
                    <h3>Contact US</h3>
                    <p>Proin iaculis purus consequat sem cure</p>
                </div>
            </div>

            <form>
                <div class="row">
                    <div class="col-4 offset-2">
                        <input type="text" class="form-control" placeholder="YOUR NAME*">
                        <input type="email" class="form-control" placeholder="YOUR E-MAIL*">
                        <input type="text" class="form-control" placeholder="SUBJECT">
                    </div>

                    <div class="col-4">
                        <textarea class="form-control" rows="5">YOUR MESSAGE</textarea>
                    </div>
                </div>
                <div class="row">
                    <div class="button-send col-3 offset-5 text-ceter">
                        <button class="btn btn-warning text-white">SEND MASSEGE</button>
                    </div>
                </div>
            </form>
        </div>
    </footer>

    <footer>
        <div class="container footer-sicial">
            <div class="row">
                <div class="col-4 text-center">
                    <p>
                        Â© Copyright 2014 FreebiesXpress.com
                    </p>

                </div>
                <div class="col-4 text-center">
                    <img src="img/svg/social-twitter-circular-button.svg" alt="#">

                    <img src="img/svg/social-facebook-circular-button.svg" alt="#">

                    <img src="img/svg/if_Pinterest_194917.svg" alt="#">

                    <img src="img/svg/if_Google__194926.svg" alt="#">
                </div>
            </div>
        </div>

    </footer>



</body>

</html>